#-----------------------------------------------------------
# Vivado v2024.2 (64-bit)
# SW Build 5239630 on Fri Nov 08 22:35:27 MST 2024
# IP Build 5239520 on Sun Nov 10 16:12:51 MST 2024
# SharedData Build 5239561 on Fri Nov 08 14:39:27 MST 2024
# Start of session at: Wed Apr  1 14:21:54 2026
# Process ID         : 14236
# Current directory  : C:/Users/jjnat/Vault 451/Vivado Project/Final Project/src
# Command line       : vivado.exe -gui_launcher_event rodinguilauncherevent30772 C:\Users\jjnat\Vault 451\Vivado Project\Final Project\src\src.xpr
# Log file           : C:/Users/jjnat/Vault 451/Vivado Project/Final Project/src/vivado.log
# Journal file       : C:/Users/jjnat/Vault 451/Vivado Project/Final Project/src\vivado.jou
# Running On         : JustinThinkPad
# Platform           : Windows Server 2016 or Windows 10
# Operating System   : 26200
# Processor Detail   : AMD Ryzen 7 PRO 8840U w/ Radeon 780M Graphics  
# CPU Frequency      : 3294 MHz
# CPU Physical cores : 8
# CPU Logical cores  : 16
# Host memory        : 15748 MB
# Swap memory        : 5905 MB
# Total Virtual      : 21653 MB
# Available Virtual  : 6746 MB
#-----------------------------------------------------------
start_gui
open_project {C:/Users/jjnat/Vault 451/Vivado Project/Final Project/src/src.xpr}
file mkdir C:/Users/jjnat/Vault 451/Vivado Project/Final Project/src/src.srcs/sources_1/new
file mkdir C:/Users/jjnat/Vault 451/Vivado Project/Final Project/src/src.srcs/sources_1/new
file mkdir C:/Users/jjnat/Vault 451/Vivado Project/Final Project/src/src.srcs/sources_1/new
file mkdir C:/Users/jjnat/Vault 451/Vivado Project/Final Project/src/src.srcs/sources_1/new
file mkdir C:/Users/jjnat/Vault 451/Vivado Project/Final Project/src/src.srcs/sources_1/new
file mkdir C:/Users/jjnat/Vault 451/Vivado Project/Final Project/src/src.srcs/sources_1/new
file mkdir {C:/Users/jjnat/Vault 451/Vivado Project/Final Project/src/src.srcs/sources_1/new}
close [ open {C:/Users/jjnat/Vault 451/Vivado Project/Final Project/src/src.srcs/sources_1/new/SevenSegDisplay.v} w ]
add_files {{C:/Users/jjnat/Vault 451/Vivado Project/Final Project/src/src.srcs/sources_1/new/SevenSegDisplay.v}}
update_compile_order -fileset sources_1
